// Jest Snapshot v1, https://goo.gl/fbAQLP

exports[`Dropdown component should render 1`] = `
<DocumentFragment>
  <div
    class="relative cursor-pointer"
  >
    <arrow-down-svg
      classname="w-4 h-4 inline w-4 h-4"
      data-testid="nebula-icon"
    />
  </div>
</DocumentFragment>
`;
